  [geo] 20/100  0.2min
  [geo] 40/100  0.3min
  [geo] 60/100  0.5min
  [geo] 80/100  0.6min
  [geo] 100/100  1.3min
[geo] done, 未解析 0/100（其中报错 0）
  [txt] 20/100  1.4min
  [txt] 40/100  1.6min
  [txt] 60/100  2.5min
  [txt] 80/100  2.6min
  [txt] 100/100  2.7min
[txt] done, 未解析 0/100（其中报错 0）
  [img] 20/100  3.8min
  [img] 40/100  4.1min
  [img] 60/100  4.3min
  [img] 80/100  4.6min
  [img] 100/100  4.8min
[img] done, 未解析 0/100（其中报错 0）
  [imgshuf] 20/100  5.5min
  [imgshuf] 40/100  5.7min
  [imgshuf] 60/100  6.0min
  [imgshuf] 80/100  6.5min
  [imgshuf] 100/100  6.9min
[imgshuf] done, 未解析 0/100（其中报错 0）
saved -> m1_answers_api_qwen35omniplus.json  (6.9 min)

=== 全部抽样点（主判据） (n=100) ===
arm                               命中最优候选      米制regret     未解析
IMG 图像臂                         39.0%        0.981        0
IMGSHUF 错配图对照                   19.0%        1.339        0
TXT 描述臂                         29.0%        1.161        0
GEO 纯几何臂                        27.0%        1.331        0
9B在线(完整harness)                 29.0%        1.102        0
最长步启发式                          43.0%        1.036        0
随机基线                            25.7%        1.224        0
  配对McNemar IMG vs TXT: IMG独对 17 / TXT独对 7  p=0.064
  配对McNemar IMG vs GEO: IMG独对 18 / GEO独对 6  p=0.023
  配对McNemar TXT vs GEO: TXT独对 12 / GEO独对 10  p=0.832
  配对McNemar IMG vs IMGSHUF: IMG独对 30 / IMGSHUF独对 10  p=0.002

=== 嵌套子集: 在线9B regret>1m 的点（预注册子集） (n=45) ===
arm                               命中最优候选      米制regret     未解析
IMG 图像臂                         33.3%        1.262        0
IMGSHUF 错配图对照                   20.0%        1.501        0
TXT 描述臂                         17.8%        1.553        0
GEO 纯几何臂                        22.2%        1.582        0
9B在线(完整harness)                  0.0%        2.191        0
最长步启发式                          46.7%        1.005        0
随机基线                            25.2%        1.363        0
  配对McNemar IMG vs TXT: IMG独对 9 / TXT独对 2  p=0.065
  配对McNemar IMG vs GEO: IMG独对 8 / GEO独对 3  p=0.227
  配对McNemar TXT vs GEO: TXT独对 2 / GEO独对 4  p=0.688
  配对McNemar IMG vs IMGSHUF: IMG独对 11 / IMGSHUF独对 5  p=0.210

=== M1 闸门 ===
图像选路命中 39.0%  闸门 >=50%  -> 不过：换赛道/收口（见 current_task §一septem 分叉表）
