  [geo] 20/100  0.0min
  [geo] 40/100  0.0min
  [geo] 60/100  0.1min
  [geo] 80/100  0.1min
  [geo] 100/100  0.1min
[geo] done, 未解析 0/100（其中报错 0）
  [txt] 20/100  0.1min
  [txt] 40/100  0.1min
  [txt] 60/100  0.1min
  [txt] 80/100  0.2min
  [txt] 100/100  0.2min
[txt] done, 未解析 0/100（其中报错 0）
  [img] 20/100  0.4min
  [img] 40/100  0.5min
  [img] 60/100  0.6min
  [img] 80/100  0.7min
  [img] 100/100  0.8min
[img] done, 未解析 0/100（其中报错 0）
  [imgshuf] 20/100  1.0min
  [imgshuf] 40/100  1.1min
  [imgshuf] 60/100  1.2min
  [imgshuf] 80/100  1.3min
  [imgshuf] 100/100  1.4min
[imgshuf] done, 未解析 0/100（其中报错 0）
saved -> m1_answers_api_qwen3vlplus.json  (1.4 min)

=== 全部抽样点（主判据） (n=100) ===
arm                               命中最优候选      米制regret     未解析
IMG 图像臂                         43.0%        0.814        0
IMGSHUF 错配图对照                   20.0%        1.381        0
TXT 描述臂                         28.0%        1.195        0
GEO 纯几何臂                        25.0%        1.386        0
9B在线(完整harness)                 29.0%        1.102        0
最长步启发式                          43.0%        1.036        0
随机基线                            25.7%        1.224        0
  配对McNemar IMG vs TXT: IMG独对 20 / TXT独对 5  p=0.004
  配对McNemar IMG vs GEO: IMG独对 23 / GEO独对 5  p=0.001
  配对McNemar TXT vs GEO: TXT独对 17 / GEO独对 14  p=0.720
  配对McNemar IMG vs IMGSHUF: IMG独对 36 / IMGSHUF独对 13  p=0.001

=== 嵌套子集: 在线9B regret>1m 的点（预注册子集） (n=45) ===
arm                               命中最优候选      米制regret     未解析
IMG 图像臂                         33.3%        1.150        0
IMGSHUF 错配图对照                   22.2%        1.568        0
TXT 描述臂                         20.0%        1.678        0
GEO 纯几何臂                        24.4%        1.535        0
9B在线(完整harness)                  0.0%        2.191        0
最长步启发式                          46.7%        1.005        0
随机基线                            25.2%        1.363        0
  配对McNemar IMG vs TXT: IMG独对 9 / TXT独对 3  p=0.146
  配对McNemar IMG vs GEO: IMG独对 8 / GEO独对 4  p=0.388
  配对McNemar TXT vs GEO: TXT独对 6 / GEO独对 8  p=0.791
  配对McNemar IMG vs IMGSHUF: IMG独对 13 / IMGSHUF独对 8  p=0.383

=== M1 闸门 ===
图像选路命中 43.0%  闸门 >=50%  -> 不过：换赛道/收口（见 current_task §一septem 分叉表）
