2026-06-27 17:28:48 - base_il_trainer_llm.py/_eval_llm[line:425] - INFO: Navigation text log: logs/navigation_records/ep5/20260627/ep5_series_qwen_siglip_local_20260627_172822_train_navigation_20260627_172848.log
2026-06-27 17:28:48 - base_il_trainer_llm.py/_eval_llm[line:426] - INFO: Navigation JSONL record: logs/navigation_records/ep5/20260627/ep5_series_qwen_siglip_local_20260627_172822_train_navigation_20260627_172848.jsonl
2026-06-27 17:29:30 - base_il_trainer_llm.py/_eval_llm[line:1165] - INFO: ==================== The current episode id is 244 ====================
2026-06-27 17:29:30 - base_il_trainer_llm.py/_eval_llm[line:1166] - INFO: Instruction: Go through the door and turn left. Go to the left of the stairs. Stop in the doorway to the left of the white double doors. 
2026-06-27 17:29:30 - base_il_trainer_llm.py/_eval_llm[line:1177] - INFO: Actions: Go through the door, turn left, Go to the left of the stairs, Stop in the doorway, turn left

2026-06-27 17:29:30 - base_il_trainer_llm.py/_eval_llm[line:1178] - INFO: Landmarks: door
stairs
doorway

2026-06-27 17:29:30 - base_il_trainer_llm.py/_eval_llm[line:1227] - INFO: -------------------- Step 1 --------------------
2026-06-27 17:29:32 - base_il_trainer_llm.py/_eval_llm[line:1282] - INFO: ========== Get Observation ==========
2026-06-27 17:29:40 - spatialNavigator.py/observe_environment[line:58] - INFO: Direction 0 Direction Viewpoint ID: 0 in Step ID: 1 Elevation: Eye Level Scene Description: The image contains a toilet, a door, a shower, and a counter. The toilet is located in the middle of the image, the door is on the left side, the shower is on the left side of the door, and the counter is on the right side of the image. The toilet is approximately 2 meters from the camera, the door is approximately 3 meters from the camera, the shower is approximately 4 meters from the camera, and the counter is approximately 1 meter from the camera. Scene Objects: bath | bathroom | bathroom accessory | ceiling | floor | restroom | room | wall lamp | shower | sink | toilet bowl | tub | urinal | white | wood floor; 
2026-06-27 17:29:41 - spatialNavigator.py/observe_environment[line:58] - INFO: Direction 2 Direction Viewpoint ID: 2 in Step ID: 1 Elevation: Eye Level Scene Description: The image contains a bathtub, a door, a wall, and a ceiling. The bathtub is closest to the camera, followed by the door, then the wall, and finally the ceiling. The distances from the camera are approximately: bathtub - 1 meter, door - 2 meters, wall - 3 meters, and ceiling - 4 meters. Scene Objects: bath | bathroom | wall | ceiling | pillar | floor | modern | room | wall lamp | skylight | tub | white | wood floor; 
2026-06-27 17:29:43 - spatialNavigator.py/observe_environment[line:58] - INFO: Direction 1 Direction Viewpoint ID: 1 in Step ID: 1 Elevation: Eye Level Scene Description: The image contains a toilet, a door, a window, and a wall. The toilet is closest to the camera, located on the right side. The door is further back, towards the center of the image. The window is on the left side, and the wall is on the far left. The distances from the camera are approximately: toilet - 1 meter, door - 3 meters, window - 4 meters, and wall - 5 meters. Scene Objects: bathroom | bathroom accessory | ceiling | doorway | floor | restroom | room | wall lamp | shower | sink | toilet bowl | white | wood floor; 
2026-06-27 17:30:17 - base_il_trainer_llm.py/_eval_llm[line:1515] - INFO: ========== Review History ==========
2026-06-27 17:30:17 - base_il_trainer_llm.py/_eval_llm[line:1525] - INFO: ========== Estimate Completion Progress ==========
2026-06-27 17:30:34 - spatialNavigator.py/estimate_completion[line:113] - INFO: Completion estimator response missing Executed Actions marker: 
2026-06-27 17:30:34 - base_il_trainer_llm.py/_eval_llm[line:2245] - INFO: ========== Next Action Prediction ==========
2026-06-27 17:31:09 - spatialNavigator.py/move_to_next_vp[line:576] - INFO: 
2026-06-27 17:31:09 - base_il_trainer_llm.py/_eval_llm[line:2384] - INFO: ========== Thought ==========
2026-06-27 17:31:09 - spatialNavigator.py/thought_fusion[line:601] - INFO: Skip thought fusion because there is no candidate disagreement
2026-06-27 17:31:09 - base_il_trainer_llm.py/_eval_llm[line:2414] - INFO: ========== Test Decision ==========
2026-06-27 17:31:09 - base_il_trainer_llm.py/_eval_llm[line:2890] - INFO: The final env action: [{'action': {'action': 4, 'action_args': {'angle': 0.4712386131286621, 'distance': 1.0}}}]
2026-06-27 17:31:10 - base_il_trainer_llm.py/_eval_llm[line:2969] - INFO: ========== save history ==========
2026-06-27 17:32:20 - spatialNavigator.py/save_history[line:81] - INFO: The history at current step is [{'step': 1, 'viewpoint': '1', 'observation': 'Direction Font Left, range(left 15 to left 45) ', 'thought': ''}]
2026-06-27 17:32:20 - base_il_trainer_llm.py/_eval_llm[line:1165] - INFO: ==================== The current episode id is 244 ====================
2026-06-27 17:32:20 - base_il_trainer_llm.py/_eval_llm[line:1166] - INFO: Instruction: Go through the door and turn left. Go to the left of the stairs. Stop in the doorway to the left of the white double doors. 
2026-06-27 17:32:20 - base_il_trainer_llm.py/_eval_llm[line:1177] - INFO: Actions: Go through the door, turn left, Go to the left of the stairs, Stop in the doorway, turn left

2026-06-27 17:32:20 - base_il_trainer_llm.py/_eval_llm[line:1178] - INFO: Landmarks: door
stairs
doorway

2026-06-27 17:32:20 - base_il_trainer_llm.py/_eval_llm[line:1227] - INFO: -------------------- Step 2 --------------------
2026-06-27 17:32:20 - base_il_trainer_llm.py/_eval_llm[line:1282] - INFO: ========== Get Observation ==========
2026-06-27 17:32:22 - spatialNavigator.py/observe_environment[line:58] - INFO: Direction 0 Direction Viewpoint ID: 0 in Step ID: 2 Elevation: Eye Level Scene Description: The image contains a door, a wall, and a staircase. The door is located in the middle of the image, and the wall is on the right side. The staircase is on the left side. The door is approximately 2 meters from the camera, the wall is approximately 3 meters from the camera, and the staircase is approximately 4 meters from the camera. Scene Objects: ceiling | closet | door | doorway | floor | lead to | hallway | open | room | wood floor; 
2026-06-27 17:32:23 - spatialNavigator.py/observe_environment[line:58] - INFO: Direction 11 Direction Viewpoint ID: 11 in Step ID: 2 Elevation: Eye Level Scene Description: The image contains a door, a toilet, and a shower. The door is closest to the camera, followed by the toilet, and then the shower. The door is approximately 1 meter away, the toilet is about 2 meters away, and the shower is about 3 meters away. Scene Objects: bathroom | toilet paper | doorway | floor | restroom | room | tile wall | toilet bowl | urinal | white; 
2026-06-27 17:32:25 - spatialNavigator.py/observe_environment[line:58] - INFO: Direction 10 Direction Viewpoint ID: 10 in Step ID: 2 Elevation: Eye Level Scene Description: The image contains a toilet, a sink, and a wall. The toilet is located in the center of the image, and the sink is to the right of the toilet. The wall is on the left side of the image. The distances from the camera are as follows: the toilet is approximately 2 meters away, the sink is approximately 1.5 meters away, and the wall is approximately 3 meters away. Scene Objects: bath | bathroom | bathroom accessory | floor | modern | restroom | room | shower | sink | toilet bowl | tub | white; 
2026-06-27 17:32:26 - spatialNavigator.py/observe_environment[line:58] - INFO: Direction 7 Direction Viewpoint ID: 7 in Step ID: 2 Elevation: Eye Level Scene Description: The image contains a bathroom sink, a mirror, a camera, a towel rack, and a camera tripod. The sink is closest to the camera, followed by the mirror, the towel rack, and the camera. The camera tripod is the farthest from the camera. Scene Objects: bath | bathroom | bathroom accessory | bathroom cabinet | bathroom mirror | bathroom sink | cabinet | faucet | mirror | wall lamp | screen door | shower | sink | towel bar | tripod | vanity; 
2026-06-27 17:32:27 - spatialNavigator.py/observe_environment[line:58] - INFO: Direction 2 Direction Viewpoint ID: 2 in Step ID: 2 Elevation: Eye Level Scene Description: The image contains a bathtub, a door, a window, and a railing. The bathtub is closest to the camera, followed by the door, the window, and the railing. The bathtub is approximately 1 meter away, the door is about 2 meters away, the window is about 3 meters away, and the railing is about 4 meters away. Scene Objects: bath | bathroom | bathroom accessory | wall | ceiling | floor | modern | room | shower | skylight | tub | white; 
2026-06-27 17:32:54 - base_il_trainer_llm.py/_eval_llm[line:1515] - INFO: ========== Review History ==========
2026-06-27 17:32:54 - spatialNavigator.py/review_history[line:86] - INFO: History: Step 1 Observation: Direction Font Left, range(left 15 to left 45)  Thought: 
2026-06-27 17:32:54 - base_il_trainer_llm.py/_eval_llm[line:1525] - INFO: ========== Estimate Completion Progress ==========
2026-06-27 17:33:11 - spatialNavigator.py/estimate_completion[line:113] - INFO: Completion estimator response missing Executed Actions marker: 
2026-06-27 17:33:11 - spatialNavigator.py/should_stop[line:389] - INFO: Stop gate rejected: no structured executed actions parsed.
2026-06-27 17:33:11 - base_il_trainer_llm.py/_eval_llm[line:2245] - INFO: ========== Next Action Prediction ==========
2026-06-27 17:33:46 - spatialNavigator.py/move_to_next_vp[line:576] - INFO: 
2026-06-27 17:33:46 - base_il_trainer_llm.py/_eval_llm[line:2384] - INFO: ========== Thought ==========
2026-06-27 17:33:46 - spatialNavigator.py/thought_fusion[line:601] - INFO: Skip thought fusion because there is no candidate disagreement
2026-06-27 17:33:46 - base_il_trainer_llm.py/_eval_llm[line:2414] - INFO: ========== Test Decision ==========
2026-06-27 17:33:46 - base_il_trainer_llm.py/_eval_llm[line:2890] - INFO: The final env action: [{'action': {'action': 4, 'action_args': {'angle': 6.02138614654541, 'distance': 0.75}}}]
2026-06-27 17:33:47 - base_il_trainer_llm.py/_eval_llm[line:2969] - INFO: ========== save history ==========
2026-06-27 17:34:57 - spatialNavigator.py/save_history[line:81] - INFO: The history at current step is [{'step': 1, 'viewpoint': '1', 'observation': 'Direction Font Left, range(left 15 to left 45) ', 'thought': ''}, {'step': 2, 'viewpoint': '0', 'observation': 'Direction Front, range(left 15 to right 15) ', 'thought': ''}]
2026-06-27 17:34:57 - base_il_trainer_llm.py/_eval_llm[line:1165] - INFO: ==================== The current episode id is 244 ====================
2026-06-27 17:34:57 - base_il_trainer_llm.py/_eval_llm[line:1166] - INFO: Instruction: Go through the door and turn left. Go to the left of the stairs. Stop in the doorway to the left of the white double doors. 
2026-06-27 17:34:57 - base_il_trainer_llm.py/_eval_llm[line:1177] - INFO: Actions: Go through the door, turn left, Go to the left of the stairs, Stop in the doorway, turn left

2026-06-27 17:34:57 - base_il_trainer_llm.py/_eval_llm[line:1178] - INFO: Landmarks: door
stairs
doorway

2026-06-27 17:34:57 - base_il_trainer_llm.py/_eval_llm[line:1227] - INFO: -------------------- Step 3 --------------------
2026-06-27 17:34:57 - base_il_trainer_llm.py/_eval_llm[line:1282] - INFO: ========== Get Observation ==========
2026-06-27 17:34:58 - spatialNavigator.py/observe_environment[line:58] - INFO: Direction 10 Direction Viewpoint ID: 10 in Step ID: 3 Elevation: Eye Level Scene Description: The image contains a toilet, a wall, and a door. The toilet is positioned in the foreground, closer to the camera, while the wall and the door are further back. The toilet is approximately 1 meter away from the camera, the wall is about 2 meters away, and the door is approximately 3 meters away. Scene Objects: bathroom | bathroom accessory | floor | photo | restroom | shower | sink | tile wall | toilet bowl | white; 
2026-06-27 17:35:00 - spatialNavigator.py/observe_environment[line:58] - INFO: Direction 7 Direction Viewpoint ID: 7 in Step ID: 3 Elevation: Eye Level Scene Description: The image contains a bathroom with a sink, a mirror, a towel rack, and a window. The sink is closest to the camera, followed by the mirror, towel rack, and the window. The sink is approximately 1 meter away, the mirror is about 2 meters away, the towel rack is about 1.5 meters away, and the window is about 3 meters away. Scene Objects: bath | bathroom | bathroom accessory | ceiling | floor | modern | room | wall lamp | shower | sink | skylight | stool | tub | vanity | white; 
2026-06-27 17:35:01 - spatialNavigator.py/observe_environment[line:58] - INFO: Direction 3 Direction Viewpoint ID: 3 in Step ID: 3 Elevation: Eye Level Scene Description: The image contains a bathtub, a door, and a staircase. The bathtub is closest to the camera, followed by the door, and the staircase is the farthest. The bathtub is approximately 1 meter away, the door is about 2 meters away, and the staircase is about 3 meters away. Scene Objects: bath | bathroom | bathroom accessory | ceiling | floor | modern | shower | skylight | tub | white | wood floor; 
2026-06-27 17:35:03 - spatialNavigator.py/observe_environment[line:58] - INFO: Direction 1 Direction Viewpoint ID: 1 in Step ID: 3 Elevation: Eye Level Scene Description: The image shows a door, a shower, and a wall. The door is closer to the camera, while the shower and wall are further away. The door is approximately 2 meters from the camera, the shower is approximately 3 meters from the camera, and the wall is approximately 4 meters from the camera. Scene Objects: wall | building | ceiling | corridor | doorway | dressing room | floor | room | surfboard | white; 
2026-06-27 17:35:29 - base_il_trainer_llm.py/_eval_llm[line:1515] - INFO: ========== Review History ==========
2026-06-27 17:35:29 - spatialNavigator.py/review_history[line:86] - INFO: History: Step 1 Observation: Direction Font Left, range(left 15 to left 45)  Thought:  -> Step 2 Observation: Direction Front, range(left 15 to right 15)  Thought: 
2026-06-27 17:35:29 - base_il_trainer_llm.py/_eval_llm[line:1525] - INFO: ========== Estimate Completion Progress ==========
2026-06-27 17:35:46 - spatialNavigator.py/estimate_completion[line:113] - INFO: Completion estimator response missing Executed Actions marker: 
2026-06-27 17:35:46 - spatialNavigator.py/should_stop[line:389] - INFO: Stop gate rejected: no structured executed actions parsed.
2026-06-27 17:35:46 - base_il_trainer_llm.py/_eval_llm[line:2245] - INFO: ========== Next Action Prediction ==========
2026-06-27 17:36:23 - spatialNavigator.py/move_to_next_vp[line:576] - INFO: 
2026-06-27 17:36:23 - base_il_trainer_llm.py/_eval_llm[line:2384] - INFO: ========== Thought ==========
2026-06-27 17:36:23 - spatialNavigator.py/thought_fusion[line:601] - INFO: Skip thought fusion because there is no candidate disagreement
2026-06-27 17:36:23 - base_il_trainer_llm.py/_eval_llm[line:2414] - INFO: ========== Test Decision ==========
2026-06-27 17:36:23 - base_il_trainer_llm.py/_eval_llm[line:2890] - INFO: The final env action: [{'action': {'action': 4, 'action_args': {'angle': 0.26179933547973633, 'distance': 1.0}}}]
2026-06-27 17:36:23 - base_il_trainer_llm.py/_eval_llm[line:2969] - INFO: ========== save history ==========
2026-06-27 17:37:35 - spatialNavigator.py/save_history[line:81] - INFO: The history at current step is [{'step': 1, 'viewpoint': '1', 'observation': 'Direction Font Left, range(left 15 to left 45) ', 'thought': ''}, {'step': 2, 'viewpoint': '0', 'observation': 'Direction Front, range(left 15 to right 15) ', 'thought': ''}, {'step': 3, 'viewpoint': '1', 'observation': 'Direction Font Left, range(left 15 to left 45) ', 'thought': ''}]
2026-06-27 17:37:35 - base_il_trainer_llm.py/_eval_llm[line:1165] - INFO: ==================== The current episode id is 244 ====================
2026-06-27 17:37:35 - base_il_trainer_llm.py/_eval_llm[line:1166] - INFO: Instruction: Go through the door and turn left. Go to the left of the stairs. Stop in the doorway to the left of the white double doors. 
2026-06-27 17:37:35 - base_il_trainer_llm.py/_eval_llm[line:1177] - INFO: Actions: Go through the door, turn left, Go to the left of the stairs, Stop in the doorway, turn left

2026-06-27 17:37:35 - base_il_trainer_llm.py/_eval_llm[line:1178] - INFO: Landmarks: door
stairs
doorway

2026-06-27 17:37:35 - base_il_trainer_llm.py/_eval_llm[line:1227] - INFO: -------------------- Step 4 --------------------
2026-06-27 17:37:35 - base_il_trainer_llm.py/_eval_llm[line:1282] - INFO: ========== Get Observation ==========
2026-06-27 17:37:36 - spatialNavigator.py/observe_environment[line:58] - INFO: Direction 0 Direction Viewpoint ID: 0 in Step ID: 4 Elevation: Eye Level Scene Description: The image shows a shower stall with a showerhead and a wall. The showerhead is positioned to the left of the camera, and the wall is to the right. The showerhead is approximately 1.5 meters from the camera, and the wall is approximately 2 meters from the camera. Scene Objects: bath | bathroom | bathroom accessory | bathroom sink | floor | restroom | shower | shower curtain | shower head | sink | tile wall | toilet bowl | white; 
2026-06-27 17:37:38 - spatialNavigator.py/observe_environment[line:58] - INFO: Direction 7 Direction Viewpoint ID: 7 in Step ID: 4 Elevation: Eye Level Scene Description: The image shows a bathroom with a sink, a mirror, a towel rack, and a toilet. The sink is to the right of the mirror, and the towel rack is to the right of the sink. The toilet is to the far right of the image. The distances from the camera are as follows: the sink is approximately 2 meters away, the mirror is approximately 3 meters away, the towel rack is approximately 4 meters away, and the toilet is approximately 5 meters away. Scene Objects: bathroom | bed | bedroom | ceiling | pillar | floor | modern | room | white | wood floor; 
2026-06-27 17:37:40 - spatialNavigator.py/observe_environment[line:58] - INFO: Direction 6 Direction Viewpoint ID: 6 in Step ID: 4 Elevation: Eye Level Scene Description: The image shows a bathroom with a door, a sink, a towel rack, a bathtub, and a ceiling light. The door is closest to the camera, followed by the sink, towel rack, and bathtub. The ceiling light is the farthest from the camera. Scene Objects: bathroom | bathroom accessory | wall | ceiling | doorway | floor | room | wall lamp | sink | white; 
2026-06-27 17:37:42 - spatialNavigator.py/observe_environment[line:58] - INFO: Direction 5 Direction Viewpoint ID: 5 in Step ID: 4 Elevation: Eye Level Scene Description: The image shows a bathroom with a bathtub, a sink, a towel rack, and a mirror. The bathtub is in the center, the sink is to the left, and the towel rack is to the left of the sink. The mirror is on the left wall. The distances from the camera are as follows: the bathtub is approximately 5 meters away, the sink is approximately 3 meters away, the towel rack is approximately 2 meters away, and the mirror is approximately 1 meter away. Scene Objects: bathroom | bathroom accessory | ceiling | doorway | floor | room | sink | stool | white; 
2026-06-27 17:38:09 - base_il_trainer_llm.py/_eval_llm[line:1515] - INFO: ========== Review History ==========
2026-06-27 17:38:09 - spatialNavigator.py/review_history[line:86] - INFO: History: Step 1 Observation: Direction Font Left, range(left 15 to left 45)  Thought:  -> Step 2 Observation: Direction Front, range(left 15 to right 15)  Thought:  -> Step 3 Observation: Direction Font Left, range(left 15 to left 45)  Thought: 
2026-06-27 17:38:09 - base_il_trainer_llm.py/_eval_llm[line:1525] - INFO: ========== Estimate Completion Progress ==========
2026-06-27 17:38:27 - spatialNavigator.py/estimate_completion[line:113] - INFO: Completion estimator response missing Executed Actions marker: 
2026-06-27 17:38:27 - spatialNavigator.py/should_stop[line:389] - INFO: Stop gate rejected: no structured executed actions parsed.
2026-06-27 17:38:27 - base_il_trainer_llm.py/_eval_llm[line:2245] - INFO: ========== Next Action Prediction ==========
2026-06-27 17:39:03 - spatialNavigator.py/move_to_next_vp[line:576] - INFO: 
2026-06-27 17:39:03 - base_il_trainer_llm.py/_eval_llm[line:2384] - INFO: ========== Thought ==========
2026-06-27 17:39:03 - spatialNavigator.py/thought_fusion[line:601] - INFO: Skip thought fusion because there is no candidate disagreement
2026-06-27 17:39:03 - base_il_trainer_llm.py/_eval_llm[line:2414] - INFO: ========== Test Decision ==========
2026-06-27 17:39:03 - base_il_trainer_llm.py/_eval_llm[line:2890] - INFO: The final env action: [{'action': {'action': 4, 'action_args': {'angle': 2.7227134704589844, 'distance': 0.5}}}]
2026-06-27 17:39:03 - base_il_trainer_llm.py/_eval_llm[line:2969] - INFO: ========== save history ==========
2026-06-27 17:40:14 - spatialNavigator.py/save_history[line:81] - INFO: The history at current step is [{'step': 1, 'viewpoint': '1', 'observation': 'Direction Font Left, range(left 15 to left 45) ', 'thought': ''}, {'step': 2, 'viewpoint': '0', 'observation': 'Direction Front, range(left 15 to right 15) ', 'thought': ''}, {'step': 3, 'viewpoint': '1', 'observation': 'Direction Font Left, range(left 15 to left 45) ', 'thought': ''}, {'step': 4, 'viewpoint': '6', 'observation': 'Direction Back, range(left 165 to right 165) ', 'thought': ''}]
2026-06-27 17:40:14 - base_il_trainer_llm.py/_eval_llm[line:1165] - INFO: ==================== The current episode id is 244 ====================
2026-06-27 17:40:14 - base_il_trainer_llm.py/_eval_llm[line:1166] - INFO: Instruction: Go through the door and turn left. Go to the left of the stairs. Stop in the doorway to the left of the white double doors. 
2026-06-27 17:40:14 - base_il_trainer_llm.py/_eval_llm[line:1177] - INFO: Actions: Go through the door, turn left, Go to the left of the stairs, Stop in the doorway, turn left

2026-06-27 17:40:14 - base_il_trainer_llm.py/_eval_llm[line:1178] - INFO: Landmarks: door
stairs
doorway

2026-06-27 17:40:14 - base_il_trainer_llm.py/_eval_llm[line:1227] - INFO: -------------------- Step 5 --------------------
2026-06-27 17:40:14 - base_il_trainer_llm.py/_eval_llm[line:1282] - INFO: ========== Get Observation ==========
2026-06-27 17:40:16 - spatialNavigator.py/observe_environment[line:58] - INFO: Direction 10 Direction Viewpoint ID: 10 in Step ID: 5 Elevation: Eye Level Scene Description: The image contains a bathtub, a door, and a window. The bathtub is closest to the camera, followed by the door, and the window is the farthest. The bathtub is approximately 2 meters from the camera, the door is approximately 3 meters from the camera, and the window is approximately 5 meters from the camera. Scene Objects: bath | bathroom | bathroom accessory | wall | ceiling | doorway | floor | room | shower | skylight | tub | white | wood wall; 
2026-06-27 17:40:17 - spatialNavigator.py/observe_environment[line:58] - INFO: Direction 7 Direction Viewpoint ID: 7 in Step ID: 5 Elevation: Eye Level Scene Description: The image shows a shower with a showerhead, a wall, and a shower door. The showerhead is positioned at a distance of approximately 1.5 meters from the camera, the wall is at a distance of about 2 meters, and the shower door is at a distance of about 1.8 meters. Scene Objects: bathroom | ceiling | corridor | doorway | floor | restroom | room | stool | tile wall; 
2026-06-27 17:40:19 - spatialNavigator.py/observe_environment[line:58] - INFO: Direction 2 Direction Viewpoint ID: 2 in Step ID: 5 Elevation: Eye Level Scene Description: The image contains a sink, a mirror, a towel rack, and a counter. The sink is located in the center-right of the image, the mirror is above the sink, and the towel rack is to the right of the sink. The distance from the camera to the sink is approximately 2 meters, to the mirror is approximately 3 meters, and to the towel rack is approximately 1 meter. Scene Objects: bathroom | bathroom accessory | doorway | floor | modern | restroom | room | wall lamp | shower | sink | skylight | tub | vanity | wood floor; 
2026-06-27 17:40:21 - spatialNavigator.py/observe_environment[line:58] - INFO: Direction 1 Direction Viewpoint ID: 1 in Step ID: 5 Elevation: Eye Level Scene Description: The image contains a sink, a mirror, a towel rack, a bathtub, and a counter. The sink is closest to the camera, followed by the mirror, towel rack, bathtub, and counter. The distances from the camera are approximately: sink - 0.2 meters, mirror - 0.4 meters, towel rack - 0.5 meters, bathtub - 0.8 meters, counter - 0.6 meters. Scene Objects: bath | bathroom | bathroom accessory | ceiling | floor | modern | room | wall lamp | shower | sink | tub | vanity | white; 
2026-06-27 17:40:48 - base_il_trainer_llm.py/_eval_llm[line:1515] - INFO: ========== Review History ==========
2026-06-27 17:40:48 - spatialNavigator.py/review_history[line:86] - INFO: History: Step 1 Observation: Direction Font Left, range(left 15 to left 45)  Thought:  -> Step 2 Observation: Direction Front, range(left 15 to right 15)  Thought:  -> Step 3 Observation: Direction Font Left, range(left 15 to left 45)  Thought:  -> Step 4 Observation: Direction Back, range(left 165 to right 165)  Thought: 
2026-06-27 17:40:48 - base_il_trainer_llm.py/_eval_llm[line:1525] - INFO: ========== Estimate Completion Progress ==========
2026-06-27 17:41:06 - spatialNavigator.py/estimate_completion[line:113] - INFO: Completion estimator response missing Executed Actions marker: 
2026-06-27 17:41:06 - spatialNavigator.py/should_stop[line:389] - INFO: Stop gate rejected: no structured executed actions parsed.
2026-06-27 17:41:06 - base_il_trainer_llm.py/_eval_llm[line:2245] - INFO: ========== Next Action Prediction ==========
2026-06-27 17:41:43 - spatialNavigator.py/move_to_next_vp[line:576] - INFO: 
2026-06-27 17:41:43 - base_il_trainer_llm.py/_eval_llm[line:2384] - INFO: ========== Thought ==========
2026-06-27 17:41:43 - spatialNavigator.py/thought_fusion[line:601] - INFO: Skip thought fusion because there is no candidate disagreement
2026-06-27 17:41:43 - base_il_trainer_llm.py/_eval_llm[line:2414] - INFO: ========== Test Decision ==========
2026-06-27 17:41:43 - base_il_trainer_llm.py/_eval_llm[line:2890] - INFO: The final env action: [{'action': {'action': 4, 'action_args': {'angle': 4.974188327789307, 'distance': 1.25}}}]
2026-06-27 17:41:43 - base_il_trainer_llm.py/_eval_llm[line:2969] - INFO: ========== save history ==========
2026-06-27 17:42:54 - spatialNavigator.py/save_history[line:81] - INFO: The history at current step is [{'step': 1, 'viewpoint': '1', 'observation': 'Direction Font Left, range(left 15 to left 45) ', 'thought': ''}, {'step': 2, 'viewpoint': '0', 'observation': 'Direction Front, range(left 15 to right 15) ', 'thought': ''}, {'step': 3, 'viewpoint': '1', 'observation': 'Direction Font Left, range(left 15 to left 45) ', 'thought': ''}, {'step': 4, 'viewpoint': '6', 'observation': 'Direction Back, range(left 165 to right 165) ', 'thought': ''}, {'step': 5, 'viewpoint': '10', 'observation': 'Direction Front Right, range(right 45 to right 75) ', 'thought': ''}]
2026-06-27 17:42:54 - base_il_trainer_llm.py/_eval_llm[line:1165] - INFO: ==================== The current episode id is 244 ====================
2026-06-27 17:42:54 - base_il_trainer_llm.py/_eval_llm[line:1166] - INFO: Instruction: Go through the door and turn left. Go to the left of the stairs. Stop in the doorway to the left of the white double doors. 
2026-06-27 17:42:54 - base_il_trainer_llm.py/_eval_llm[line:1177] - INFO: Actions: Go through the door, turn left, Go to the left of the stairs, Stop in the doorway, turn left

2026-06-27 17:42:54 - base_il_trainer_llm.py/_eval_llm[line:1178] - INFO: Landmarks: door
stairs
doorway

2026-06-27 17:42:54 - base_il_trainer_llm.py/_eval_llm[line:1227] - INFO: -------------------- Step 6 --------------------
2026-06-27 17:42:55 - base_il_trainer_llm.py/_eval_llm[line:1282] - INFO: ========== Get Observation ==========
2026-06-27 17:42:56 - spatialNavigator.py/observe_environment[line:58] - INFO: Direction 0 Direction Viewpoint ID: 0 in Step ID: 6 Elevation: Eye Level Scene Description: The image shows a door, a staircase, and a window. The door is closer to the camera, the staircase is further away, and the window is the farthest. The door is approximately 1 meter from the camera, the staircase is about 2 meters away, and the window is about 3 meters away. Scene Objects: building | ceiling | floor | photo | room | skylight | stairwell; 
2026-06-27 17:42:57 - spatialNavigator.py/observe_environment[line:58] - INFO: Direction 11 Direction Viewpoint ID: 11 in Step ID: 6 Elevation: Eye Level Scene Description: The image contains a staircase railing, a door, and a wall. The railing is closest to the camera, followed by the door, and the wall is the farthest. The railing is approximately 1 meter from the camera, the door is about 2 meters, and the wall is about 3 meters. Scene Objects: building | ceiling | infant bed | floor | nursery | office building | room | skylight | white; 
2026-06-27 17:42:59 - spatialNavigator.py/observe_environment[line:58] - INFO: Direction 10 Direction Viewpoint ID: 10 in Step ID: 6 Elevation: Eye Level Scene Description: The image contains a staircase railing, a door, and a ceiling with skylights. The railing is closest to the camera, followed by the door, and the ceiling with skylights is the farthest. The railing is approximately 1 meter from the camera, the door is about 2 meters, and the ceiling with skylights is about 3 meters. Scene Objects: balustrade | wall | building | ceiling | infant bed | floor | rail | room | skylight | white | wood floor; 
2026-06-27 17:43:00 - spatialNavigator.py/observe_environment[line:58] - INFO: Direction 9 Direction Viewpoint ID: 9 in Step ID: 6 Elevation: Eye Level Scene Description: The image contains a staircase, a door, and a ceiling. The staircase is relatively close to the camera, with the door and ceiling being further away. The staircase is approximately 2 meters from the camera, the door is about 3 meters, and the ceiling is about 5 meters. Scene Objects: wall | building | ceiling | corridor | doorway | dressing room | floor | hall | lead to | hallway | locker | office building | rail | room | skylight | white; 
2026-06-27 17:43:03 - spatialNavigator.py/observe_environment[line:58] - INFO: Direction 5 Direction Viewpoint ID: 5 in Step ID: 6 Elevation: Eye Level Scene Description: The image contains a bathroom with a sink, a mirror, a towel rack, a bathtub, and a door. The sink is located in the center of the image, the mirror is on the wall to the right of the sink, the towel rack is on the wall to the right of the mirror, the bathtub is on the right side of the image, and the door is on the left side of the image. The distances from the camera are as follows: the sink is approximately 5 meters away, the mirror is approximately 7 meters away, the towel rack is approximately 8 meters away, the bathtub is approximately 10 meters away, and the door is approximately 3 meters away. Scene Objects: bath | bathroom | bathroom accessory | ceiling | floor | modern | room | wall lamp | shower | sink | tub; 
2026-06-27 17:43:30 - base_il_trainer_llm.py/_eval_llm[line:1515] - INFO: ========== Review History ==========
2026-06-27 17:43:30 - spatialNavigator.py/review_history[line:86] - INFO: History: Step 1 Observation: Direction Font Left, range(left 15 to left 45)  Thought:  -> Step 2 Observation: Direction Front, range(left 15 to right 15)  Thought:  -> Step 3 Observation: Direction Font Left, range(left 15 to left 45)  Thought:  -> Step 4 Observation: Direction Back, range(left 165 to right 165)  Thought:  -> Step 5 Observation: Direction Front Right, range(right 45 to right 75)  Thought: 
2026-06-27 17:43:30 - base_il_trainer_llm.py/_eval_llm[line:1525] - INFO: ========== Estimate Completion Progress ==========
2026-06-27 17:43:49 - spatialNavigator.py/estimate_completion[line:113] - INFO: Completion estimator response missing Executed Actions marker: 
2026-06-27 17:43:49 - spatialNavigator.py/should_stop[line:389] - INFO: Stop gate rejected: no structured executed actions parsed.
2026-06-27 17:43:49 - base_il_trainer_llm.py/_eval_llm[line:2245] - INFO: ========== Next Action Prediction ==========
2026-06-27 17:44:25 - spatialNavigator.py/move_to_next_vp[line:576] - INFO: 
2026-06-27 17:44:25 - base_il_trainer_llm.py/_eval_llm[line:2384] - INFO: ========== Thought ==========
2026-06-27 17:44:25 - spatialNavigator.py/thought_fusion[line:601] - INFO: Skip thought fusion because there is no candidate disagreement
2026-06-27 17:44:25 - base_il_trainer_llm.py/_eval_llm[line:2414] - INFO: ========== Test Decision ==========
2026-06-27 17:44:25 - base_il_trainer_llm.py/_eval_llm[line:2890] - INFO: The final env action: [{'action': {'action': 4, 'action_args': {'angle': 4.66002893447876, 'distance': 1.0}}}]
2026-06-27 17:44:26 - base_il_trainer_llm.py/_eval_llm[line:2969] - INFO: ========== save history ==========
2026-06-27 17:45:38 - spatialNavigator.py/save_history[line:81] - INFO: The history at current step is [{'step': 1, 'viewpoint': '1', 'observation': 'Direction Font Left, range(left 15 to left 45) ', 'thought': ''}, {'step': 2, 'viewpoint': '0', 'observation': 'Direction Front, range(left 15 to right 15) ', 'thought': ''}, {'step': 3, 'viewpoint': '1', 'observation': 'Direction Font Left, range(left 15 to left 45) ', 'thought': ''}, {'step': 4, 'viewpoint': '6', 'observation': 'Direction Back, range(left 165 to right 165) ', 'thought': ''}, {'step': 5, 'viewpoint': '10', 'observation': 'Direction Front Right, range(right 45 to right 75) ', 'thought': ''}, {'step': 6, 'viewpoint': '9', 'observation': 'Direction Right, range(right 75 to right 105) ', 'thought': ''}]
2026-06-27 17:45:38 - base_il_trainer_llm.py/_eval_llm[line:1165] - INFO: ==================== The current episode id is 244 ====================
2026-06-27 17:45:38 - base_il_trainer_llm.py/_eval_llm[line:1166] - INFO: Instruction: Go through the door and turn left. Go to the left of the stairs. Stop in the doorway to the left of the white double doors. 
2026-06-27 17:45:38 - base_il_trainer_llm.py/_eval_llm[line:1177] - INFO: Actions: Go through the door, turn left, Go to the left of the stairs, Stop in the doorway, turn left

2026-06-27 17:45:38 - base_il_trainer_llm.py/_eval_llm[line:1178] - INFO: Landmarks: door
stairs
doorway

2026-06-27 17:45:38 - base_il_trainer_llm.py/_eval_llm[line:1227] - INFO: -------------------- Step 7 --------------------
2026-06-27 17:45:38 - base_il_trainer_llm.py/_eval_llm[line:1282] - INFO: ========== Get Observation ==========
2026-06-27 17:45:39 - spatialNavigator.py/observe_environment[line:58] - INFO: Direction 0 Direction Viewpoint ID: 0 in Step ID: 7 Elevation: Eye Level Scene Description: The image shows a staircase with a railing, a wall, and a ceiling. The railing is closest to the camera, followed by the wall, and then the ceiling. The railing is approximately 1 meter away, the wall is about 2 meters away, and the ceiling is about 3 meters away. Scene Objects: balustrade | carpet | ceiling | ceiling fan | chandelier | curtain | floor | lead to | hallway | rail | room | skylight | stair | stairwell | white; 
2026-06-27 17:45:40 - spatialNavigator.py/observe_environment[line:58] - INFO: Direction 7 Direction Viewpoint ID: 7 in Step ID: 7 Elevation: Eye Level Scene Description: The image shows a bathroom with a bathtub and a sink. The bathtub is closer to the camera, while the sink is further away. The bathtub is approximately 1.5 meters from the camera, and the sink is approximately 2.5 meters from the camera. Scene Objects: bath | bathroom | bathroom accessory | ceiling | doorway | floor | room | shower | skylight | tub | white; 
2026-06-27 17:45:42 - spatialNavigator.py/observe_environment[line:58] - INFO: Direction 6 Direction Viewpoint ID: 6 in Step ID: 7 Elevation: Eye Level Scene Description: The image shows a bathtub, a towel rack, and a window. The bathtub is in the foreground, the towel rack is to the left of the bathtub, and the window is to the right of the bathtub. The bathtub is approximately 2 meters from the camera, the towel rack is 1.5 meters from the camera, and the window is 3 meters from the camera. Scene Objects: bath | bathroom | bathroom accessory | ceiling | pillar | doorway | floor | room | shower | skylight | tub | white; 
2026-06-27 17:45:43 - spatialNavigator.py/observe_environment[line:58] - INFO: Direction 5 Direction Viewpoint ID: 5 in Step ID: 7 Elevation: Eye Level Scene Description: The image contains a bathtub, a door, and a hallway. The bathtub is closer to the camera, while the door and hallway are further away. The bathtub is approximately 2 meters from the camera, the door is approximately 3 meters from the camera, and the hallway is approximately 5 meters from the camera. Scene Objects: bath | bathroom | bathroom accessory | corridor | doorway | floor | lead to | hallway | restroom | room | shower | sink | skylight | tub | white; 
2026-06-27 17:46:10 - base_il_trainer_llm.py/_eval_llm[line:1515] - INFO: ========== Review History ==========
2026-06-27 17:46:10 - spatialNavigator.py/review_history[line:86] - INFO: History: Step 1 Observation: Direction Font Left, range(left 15 to left 45)  Thought:  -> Step 2 Observation: Direction Front, range(left 15 to right 15)  Thought:  -> Step 3 Observation: Direction Font Left, range(left 15 to left 45)  Thought:  -> Step 4 Observation: Direction Back, range(left 165 to right 165)  Thought:  -> Step 5 Observation: Direction Front Right, range(right 45 to right 75)  Thought:  -> Step 6 Observation: Direction Right, range(right 75 to right 105)  Thought: 
2026-06-27 17:46:10 - base_il_trainer_llm.py/_eval_llm[line:1525] - INFO: ========== Estimate Completion Progress ==========
2026-06-27 17:46:28 - spatialNavigator.py/estimate_completion[line:113] - INFO: Completion estimator response missing Executed Actions marker: 
2026-06-27 17:46:28 - spatialNavigator.py/should_stop[line:389] - INFO: Stop gate rejected: no structured executed actions parsed.
2026-06-27 17:46:28 - base_il_trainer_llm.py/_eval_llm[line:2245] - INFO: ========== Next Action Prediction ==========
2026-06-27 17:47:06 - spatialNavigator.py/move_to_next_vp[line:576] - INFO: 
2026-06-27 17:47:06 - base_il_trainer_llm.py/_eval_llm[line:2384] - INFO: ========== Thought ==========
2026-06-27 17:47:06 - spatialNavigator.py/thought_fusion[line:601] - INFO: Skip thought fusion because there is no candidate disagreement
2026-06-27 17:47:06 - base_il_trainer_llm.py/_eval_llm[line:2414] - INFO: ========== Test Decision ==========
2026-06-27 17:47:06 - base_il_trainer_llm.py/_eval_llm[line:2890] - INFO: The final env action: [{'action': {'action': 4, 'action_args': {'angle': 2.1991147994995117, 'distance': 1.5}}}]
2026-06-27 17:47:06 - base_il_trainer_llm.py/_eval_llm[line:2969] - INFO: ========== save history ==========
2026-06-27 17:48:20 - spatialNavigator.py/save_history[line:81] - INFO: The history at current step is [{'step': 1, 'viewpoint': '1', 'observation': 'Direction Font Left, range(left 15 to left 45) ', 'thought': ''}, {'step': 2, 'viewpoint': '0', 'observation': 'Direction Front, range(left 15 to right 15) ', 'thought': ''}, {'step': 3, 'viewpoint': '1', 'observation': 'Direction Font Left, range(left 15 to left 45) ', 'thought': ''}, {'step': 4, 'viewpoint': '6', 'observation': 'Direction Back, range(left 165 to right 165) ', 'thought': ''}, {'step': 5, 'viewpoint': '10', 'observation': 'Direction Front Right, range(right 45 to right 75) ', 'thought': ''}, {'step': 6, 'viewpoint': '9', 'observation': 'Direction Right, range(right 75 to right 105) ', 'thought': ''}, {'step': 7, 'viewpoint': '5', 'observation': 'Direction Rear Left, range(left 135 to left 165) ', 'thought': ''}]
2026-06-27 17:48:21 - base_il_trainer_llm.py/_eval_llm[line:1165] - INFO: ==================== The current episode id is 244 ====================
2026-06-27 17:48:21 - base_il_trainer_llm.py/_eval_llm[line:1166] - INFO: Instruction: Go through the door and turn left. Go to the left of the stairs. Stop in the doorway to the left of the white double doors. 
2026-06-27 17:48:21 - base_il_trainer_llm.py/_eval_llm[line:1177] - INFO: Actions: Go through the door, turn left, Go to the left of the stairs, Stop in the doorway, turn left

2026-06-27 17:48:21 - base_il_trainer_llm.py/_eval_llm[line:1178] - INFO: Landmarks: door
stairs
doorway

2026-06-27 17:48:21 - base_il_trainer_llm.py/_eval_llm[line:1227] - INFO: -------------------- Step 8 --------------------
2026-06-27 17:48:21 - base_il_trainer_llm.py/_eval_llm[line:1282] - INFO: ========== Get Observation ==========
2026-06-27 17:48:22 - spatialNavigator.py/observe_environment[line:58] - INFO: Direction 11 Direction Viewpoint ID: 11 in Step ID: 8 Elevation: Eye Level Scene Description: The image contains a door, a window, a bed, and a closet. The door is closest to the camera, followed by the window, the bed, and the closet. The door is approximately 1.5 meters from the camera, the window is 2.5 meters, the bed is 3.5 meters, and the closet is 4.5 meters. Scene Objects: apartment | cabinet | ceiling | closet | pillar | corridor | doorway | floor | hall | living room | hallway | locker | open | room | skylight | white; 
2026-06-27 17:48:24 - spatialNavigator.py/observe_environment[line:58] - INFO: Direction 10 Direction Viewpoint ID: 10 in Step ID: 8 Elevation: Eye Level Scene Description: The image contains a hallway with a door on the right side, a staircase with a railing on the right side, and a bed on the left side. The door is approximately 10 meters from the camera, the staircase is about 5 meters from the camera, and the bed is about 15 meters from the camera. Scene Objects: balustrade | building | carpet | ceiling | pillar | floor | hall | lead to | living room | hallway | rail | room | skylight | stairwell | white; 
2026-06-27 17:48:25 - spatialNavigator.py/observe_environment[line:58] - INFO: Direction 7 Direction Viewpoint ID: 7 in Step ID: 8 Elevation: Eye Level Scene Description: The image shows a staircase with a railing, a door, and a ceiling with a skylight. The railing is closest to the camera, followed by the door, and the skylight is the farthest. The railing is approximately 1 meter from the camera, the door is about 2 meters, and the skylight is about 3 meters. Scene Objects: balustrade | wall | building | carpet | ceiling | corridor | floor | hall | lead to | hallway | rail | room | skylight | white; 
2026-06-27 17:48:26 - spatialNavigator.py/observe_environment[line:58] - INFO: Direction 1 Direction Viewpoint ID: 1 in Step ID: 8 Elevation: Eye Level Scene Description: The image shows a hallway with two doors on either side. The door on the left is closer to the camera, while the door on the right is further away. The distance from the camera to the left door is approximately 10 meters, and the distance to the right door is approximately 15 meters. Scene Objects: bedroom | carpet | ceiling | closet | pillar | doorway | floor | lead to | living room | hallway | room | white; 
2026-06-27 17:48:53 - base_il_trainer_llm.py/_eval_llm[line:1515] - INFO: ========== Review History ==========
2026-06-27 17:48:53 - spatialNavigator.py/review_history[line:86] - INFO: History: Step 1 Observation: Direction Font Left, range(left 15 to left 45)  Thought:  -> Step 2 Observation: Direction Front, range(left 15 to right 15)  Thought:  -> Step 3 Observation: Direction Font Left, range(left 15 to left 45)  Thought:  -> Step 4 Observation: Direction Back, range(left 165 to right 165)  Thought:  -> Step 5 Observation: Direction Front Right, range(right 45 to right 75)  Thought:  -> Step 6 Observation: Direction Right, range(right 75 to right 105)  Thought:  -> Step 7 Observation: Direction Rear Left, range(left 135 to left 165)  Thought: 
2026-06-27 17:48:53 - base_il_trainer_llm.py/_eval_llm[line:1525] - INFO: ========== Estimate Completion Progress ==========
2026-06-27 17:49:11 - spatialNavigator.py/estimate_completion[line:113] - INFO: Completion estimator response missing Executed Actions marker: 
2026-06-27 17:49:11 - spatialNavigator.py/should_stop[line:389] - INFO: Stop gate rejected: no structured executed actions parsed.
2026-06-27 17:49:11 - base_il_trainer_llm.py/_eval_llm[line:2245] - INFO: ========== Next Action Prediction ==========
2026-06-27 17:49:47 - spatialNavigator.py/move_to_next_vp[line:576] - INFO: 
2026-06-27 17:49:47 - base_il_trainer_llm.py/_eval_llm[line:2384] - INFO: ========== Thought ==========
2026-06-27 17:49:47 - spatialNavigator.py/thought_fusion[line:601] - INFO: Skip thought fusion because there is no candidate disagreement
2026-06-27 17:49:47 - base_il_trainer_llm.py/_eval_llm[line:2414] - INFO: ========== Test Decision ==========
2026-06-27 17:49:47 - base_il_trainer_llm.py/_eval_llm[line:2890] - INFO: The final env action: [{'action': {'action': 4, 'action_args': {'angle': 0.4712386131286621, 'distance': 1.0}}}]
2026-06-27 17:49:47 - base_il_trainer_llm.py/_eval_llm[line:2969] - INFO: ========== save history ==========
2026-06-27 17:51:01 - spatialNavigator.py/save_history[line:81] - INFO: The history at current step is [{'step': 1, 'viewpoint': '1', 'observation': 'Direction Font Left, range(left 15 to left 45) ', 'thought': ''}, {'step': 2, 'viewpoint': '0', 'observation': 'Direction Front, range(left 15 to right 15) ', 'thought': ''}, {'step': 3, 'viewpoint': '1', 'observation': 'Direction Font Left, range(left 15 to left 45) ', 'thought': ''}, {'step': 4, 'viewpoint': '6', 'observation': 'Direction Back, range(left 165 to right 165) ', 'thought': ''}, {'step': 5, 'viewpoint': '10', 'observation': 'Direction Front Right, range(right 45 to right 75) ', 'thought': ''}, {'step': 6, 'viewpoint': '9', 'observation': 'Direction Right, range(right 75 to right 105) ', 'thought': ''}, {'step': 7, 'viewpoint': '5', 'observation': 'Direction Rear Left, range(left 135 to left 165) ', 'thought': ''}, {'step': 8, 'viewpoint': '1', 'observation': 'Direction Font Left, range(left 15 to left 45) ', 'thought': ''}]
2026-06-27 17:51:01 - base_il_trainer_llm.py/_eval_llm[line:1165] - INFO: ==================== The current episode id is 244 ====================
2026-06-27 17:51:01 - base_il_trainer_llm.py/_eval_llm[line:1166] - INFO: Instruction: Go through the door and turn left. Go to the left of the stairs. Stop in the doorway to the left of the white double doors. 
2026-06-27 17:51:01 - base_il_trainer_llm.py/_eval_llm[line:1177] - INFO: Actions: Go through the door, turn left, Go to the left of the stairs, Stop in the doorway, turn left

2026-06-27 17:51:01 - base_il_trainer_llm.py/_eval_llm[line:1178] - INFO: Landmarks: door
stairs
doorway

2026-06-27 17:51:01 - base_il_trainer_llm.py/_eval_llm[line:1227] - INFO: -------------------- Step 9 --------------------
2026-06-27 17:51:01 - base_il_trainer_llm.py/_eval_llm[line:1282] - INFO: ========== Get Observation ==========
2026-06-27 17:51:03 - spatialNavigator.py/observe_environment[line:58] - INFO: Direction 10 Direction Viewpoint ID: 10 in Step ID: 9 Elevation: Eye Level Scene Description: The image shows a doorway, a bed, a chair, and a wall. The doorway is closest to the camera, followed by the bed, then the chair, and finally the wall. The distances from the camera are approximately: doorway - 1 meter, bed - 2 meters, chair - 3 meters, and wall - 4 meters. Scene Objects: apartment | bedroom | car | ceiling | closet | pillar | corridor | door | doorway | floor | lead to | hallway | room | white; 
2026-06-27 17:51:05 - spatialNavigator.py/observe_environment[line:58] - INFO: Direction 9 Direction Viewpoint ID: 9 in Step ID: 9 Elevation: Eye Level Scene Description: The image shows a hallway with a door on the left side and another door on the right side. The hallway extends further into the background. The objects are at varying distances from the camera, with the door on the left being closer and the door on the right being further away. The exact distances are not specified, but they are likely to be in the range of a few meters. Scene Objects: wall | building | carpet | ceiling | pillar | corridor | doorway | floor | hall | hallway | office | office building | room | skylight | white; 
2026-06-27 17:51:06 - spatialNavigator.py/observe_environment[line:58] - INFO: Direction 6 Direction Viewpoint ID: 6 in Step ID: 9 Elevation: Eye Level Scene Description: The image contains a staircase, a door, and a ceiling. The staircase is relatively close to the camera, with the railing and steps being the closest parts. The door is further away, and the ceiling is the farthest object in the image. Scene Objects: balustrade | building | carpet | ceiling | pillar | corridor | doorway | floor | hall | lead to | hallway | office building | room | white; 
2026-06-27 17:51:07 - spatialNavigator.py/observe_environment[line:58] - INFO: Direction 2 Direction Viewpoint ID: 2 in Step ID: 9 Elevation: Eye Level Scene Description: The image shows a bed, a nightstand, a lamp, and a door. The bed is closest to the camera, followed by the nightstand, lamp, and door. The bed is approximately 1.5 meters away, the nightstand is 1.2 meters away, the lamp is 0.7 meters away, and the door is 0.8 meters away. Scene Objects: bed | bedroom | carpet | ceiling | pillar | doorway | floor | pillow | room | twin | white; 
2026-06-27 17:51:35 - base_il_trainer_llm.py/_eval_llm[line:1515] - INFO: ========== Review History ==========
2026-06-27 17:51:35 - spatialNavigator.py/review_history[line:86] - INFO: History: Step 1 Observation: Direction Font Left, range(left 15 to left 45)  Thought:  -> Step 2 Observation: Direction Front, range(left 15 to right 15)  Thought:  -> Step 3 Observation: Direction Font Left, range(left 15 to left 45)  Thought:  -> Step 4 Observation: Direction Back, range(left 165 to right 165)  Thought:  -> Step 5 Observation: Direction Front Right, range(right 45 to right 75)  Thought:  -> Step 6 Observation: Direction Right, range(right 75 to right 105)  Thought:  -> Step 7 Observation: Direction Rear Left, range(left 135 to left 165)  Thought:  -> Step 8 Observation: Direction Font Left, range(left 15 to left 45)  Thought: 
2026-06-27 17:51:35 - base_il_trainer_llm.py/_eval_llm[line:1525] - INFO: ========== Estimate Completion Progress ==========
2026-06-27 17:51:54 - spatialNavigator.py/estimate_completion[line:113] - INFO: Completion estimator response missing Executed Actions marker: 
2026-06-27 17:51:54 - spatialNavigator.py/should_stop[line:389] - INFO: Stop gate rejected: no structured executed actions parsed.
2026-06-27 17:51:54 - base_il_trainer_llm.py/_eval_llm[line:2245] - INFO: ========== Next Action Prediction ==========
2026-06-27 17:52:30 - spatialNavigator.py/move_to_next_vp[line:576] - INFO: 
2026-06-27 17:52:30 - base_il_trainer_llm.py/_eval_llm[line:2384] - INFO: ========== Thought ==========
2026-06-27 17:52:30 - spatialNavigator.py/thought_fusion[line:601] - INFO: Skip thought fusion because there is no candidate disagreement
2026-06-27 17:52:30 - base_il_trainer_llm.py/_eval_llm[line:2414] - INFO: ========== Test Decision ==========
2026-06-27 17:52:30 - base_il_trainer_llm.py/_eval_llm[line:2890] - INFO: The final env action: [{'action': {'action': 4, 'action_args': {'angle': 4.817108631134033, 'distance': 1.25}}}]
2026-06-27 17:52:30 - base_il_trainer_llm.py/_eval_llm[line:2969] - INFO: ========== save history ==========
2026-06-27 17:53:43 - spatialNavigator.py/save_history[line:81] - INFO: The history at current step is [{'step': 1, 'viewpoint': '1', 'observation': 'Direction Font Left, range(left 15 to left 45) ', 'thought': ''}, {'step': 2, 'viewpoint': '0', 'observation': 'Direction Front, range(left 15 to right 15) ', 'thought': ''}, {'step': 3, 'viewpoint': '1', 'observation': 'Direction Font Left, range(left 15 to left 45) ', 'thought': ''}, {'step': 4, 'viewpoint': '6', 'observation': 'Direction Back, range(left 165 to right 165) ', 'thought': ''}, {'step': 5, 'viewpoint': '10', 'observation': 'Direction Front Right, range(right 45 to right 75) ', 'thought': ''}, {'step': 6, 'viewpoint': '9', 'observation': 'Direction Right, range(right 75 to right 105) ', 'thought': ''}, {'step': 7, 'viewpoint': '5', 'observation': 'Direction Rear Left, range(left 135 to left 165) ', 'thought': ''}, {'step': 8, 'viewpoint': '1', 'observation': 'Direction Font Left, range(left 15 to left 45) ', 'thought': ''}, {'step': 9, 'viewpoint': '10', 'observation': 'Direction Front Right, range(right 45 to right 75) ', 'thought': ''}]
2026-06-27 17:53:44 - base_il_trainer_llm.py/_eval_llm[line:1165] - INFO: ==================== The current episode id is 244 ====================
2026-06-27 17:53:44 - base_il_trainer_llm.py/_eval_llm[line:1166] - INFO: Instruction: Go through the door and turn left. Go to the left of the stairs. Stop in the doorway to the left of the white double doors. 
2026-06-27 17:53:44 - base_il_trainer_llm.py/_eval_llm[line:1177] - INFO: Actions: Go through the door, turn left, Go to the left of the stairs, Stop in the doorway, turn left

2026-06-27 17:53:44 - base_il_trainer_llm.py/_eval_llm[line:1178] - INFO: Landmarks: door
stairs
doorway

2026-06-27 17:53:44 - base_il_trainer_llm.py/_eval_llm[line:1227] - INFO: -------------------- Step 10 --------------------
2026-06-27 17:53:44 - base_il_trainer_llm.py/_eval_llm[line:1282] - INFO: ========== Get Observation ==========
2026-06-27 17:53:45 - spatialNavigator.py/observe_environment[line:58] - INFO: Direction 10 Direction Viewpoint ID: 10 in Step ID: 10 Elevation: Eye Level Scene Description: The image shows two white doors, a staircase, and a ceiling with lights. The doors are approximately 2 meters from the camera, the staircase is about 1.5 meters, and the ceiling is about 3 meters. Scene Objects: wall | cabinet | carpet | ceiling | closet | infant bed | door | dressing room | floor | locker | radiator | room | skylight | white; 
2026-06-27 17:53:46 - spatialNavigator.py/observe_environment[line:58] - INFO: Direction 8 Direction Viewpoint ID: 8 in Step ID: 10 Elevation: Eye Level Scene Description: The image contains a staircase, a door, and a ceiling. The staircase is closest to the camera, followed by the door, and the ceiling is the farthest. The staircase is approximately 2 meters from the camera, the door is approximately 3 meters from the camera, and the ceiling is approximately 10 meters from the camera. Scene Objects: balustrade | building | ceiling | corridor | doorway | floor | hall | lead to | hallway | room | skylight | white; 
2026-06-27 17:53:48 - spatialNavigator.py/observe_environment[line:58] - INFO: Direction 7 Direction Viewpoint ID: 7 in Step ID: 10 Elevation: Eye Level Scene Description: The image shows a staircase with a railing, a door, and a wall. The railing is closest to the camera, followed by the door, and then the wall. The railing is approximately 1 meter from the camera, the door is approximately 2 meters from the camera, and the wall is approximately 3 meters from the camera. Scene Objects: apartment | balustrade | carpet | ceiling | corridor | doorway | floor | hall | lead to | living room | hallway | rail | room | stairwell | white; 
2026-06-27 17:53:49 - spatialNavigator.py/observe_environment[line:58] - INFO: Direction 6 Direction Viewpoint ID: 6 in Step ID: 10 Elevation: Eye Level Scene Description: The image contains two doors, a bed, a nightstand, and a wall. The doors are approximately 2 meters from the camera, the bed is approximately 3 meters from the camera, the nightstand is approximately 1 meter from the camera, and the wall is approximately 4 meters from the camera. Scene Objects: apartment | ceiling | ceiling fan | corridor | door | doorway | floor | lead to | hallway | open | room | white; 
2026-06-27 17:53:51 - spatialNavigator.py/observe_environment[line:58] - INFO: Direction 2 Direction Viewpoint ID: 2 in Step ID: 10 Elevation: Eye Level Scene Description: The image shows a bedroom with a bed, a chair, and a window. The bed is on the right side of the image, the chair is in the center, and the window is on the far right. The bed is approximately 10 meters away from the camera, the chair is around 8 meters away, and the window is about 12 meters away. Scene Objects: armchair | bed | bedroom | ceiling | chair | corridor | doorway | floor | furniture | hotel room | lead to | hallway | room | twin | white; 
2026-06-27 17:54:18 - base_il_trainer_llm.py/_eval_llm[line:1515] - INFO: ========== Review History ==========
2026-06-27 17:54:18 - spatialNavigator.py/review_history[line:86] - INFO: History: Step 1 Observation: Direction Font Left, range(left 15 to left 45)  Thought:  -> Step 2 Observation: Direction Front, range(left 15 to right 15)  Thought:  -> Step 3 Observation: Direction Font Left, range(left 15 to left 45)  Thought:  -> Step 4 Observation: Direction Back, range(left 165 to right 165)  Thought:  -> Step 5 Observation: Direction Front Right, range(right 45 to right 75)  Thought:  -> Step 6 Observation: Direction Right, range(right 75 to right 105)  Thought:  -> Step 7 Observation: Direction Rear Left, range(left 135 to left 165)  Thought:  -> Step 8 Observation: Direction Font Left, range(left 15 to left 45)  Thought:  -> Step 9 Observation: Direction Front Right, range(right 45 to right 75)  Thought: 
2026-06-27 17:54:18 - base_il_trainer_llm.py/_eval_llm[line:1525] - INFO: ========== Estimate Completion Progress ==========
2026-06-27 17:54:36 - spatialNavigator.py/estimate_completion[line:113] - INFO: Completion estimator response missing Executed Actions marker: 
2026-06-27 17:54:36 - spatialNavigator.py/should_stop[line:389] - INFO: Stop gate rejected: no structured executed actions parsed.
2026-06-27 17:54:36 - base_il_trainer_llm.py/_eval_llm[line:2245] - INFO: ========== Next Action Prediction ==========
2026-06-27 17:55:11 - spatialNavigator.py/move_to_next_vp[line:576] - INFO: 
2026-06-27 17:55:11 - base_il_trainer_llm.py/_eval_llm[line:2384] - INFO: ========== Thought ==========
2026-06-27 17:55:11 - spatialNavigator.py/thought_fusion[line:601] - INFO: Skip thought fusion because there is no candidate disagreement
2026-06-27 17:55:11 - base_il_trainer_llm.py/_eval_llm[line:2414] - INFO: ========== Test Decision ==========
2026-06-27 17:55:11 - base_il_trainer_llm.py/_eval_llm[line:2890] - INFO: The final env action: [{'action': {'action': 4, 'action_args': {'angle': 2.8274333477020264, 'distance': 1.25}}}]
2026-06-27 17:55:11 - base_il_trainer_llm.py/_eval_llm[line:2969] - INFO: ========== save history ==========
2026-06-27 17:56:24 - spatialNavigator.py/save_history[line:81] - INFO: The history at current step is [{'step': 1, 'viewpoint': '1', 'observation': 'Direction Font Left, range(left 15 to left 45) ', 'thought': ''}, {'step': 2, 'viewpoint': '0', 'observation': 'Direction Front, range(left 15 to right 15) ', 'thought': ''}, {'step': 3, 'viewpoint': '1', 'observation': 'Direction Font Left, range(left 15 to left 45) ', 'thought': ''}, {'step': 4, 'viewpoint': '6', 'observation': 'Direction Back, range(left 165 to right 165) ', 'thought': ''}, {'step': 5, 'viewpoint': '10', 'observation': 'Direction Front Right, range(right 45 to right 75) ', 'thought': ''}, {'step': 6, 'viewpoint': '9', 'observation': 'Direction Right, range(right 75 to right 105) ', 'thought': ''}, {'step': 7, 'viewpoint': '5', 'observation': 'Direction Rear Left, range(left 135 to left 165) ', 'thought': ''}, {'step': 8, 'viewpoint': '1', 'observation': 'Direction Font Left, range(left 15 to left 45) ', 'thought': ''}, {'step': 9, 'viewpoint': '10', 'observation': 'Direction Front Right, range(right 45 to right 75) ', 'thought': ''}, {'step': 10, 'viewpoint': '6', 'observation': 'Direction Back, range(left 165 to right 165) ', 'thought': ''}]
2026-06-27 17:56:25 - base_il_trainer_llm.py/_eval_llm[line:1165] - INFO: ==================== The current episode id is 218 ====================
2026-06-27 17:56:25 - base_il_trainer_llm.py/_eval_llm[line:1166] - INFO: Instruction: Leave the bedroom and take a left in the hallway. Go straight and go into the room that is the second on the left. Stop in the doorway to the room. 
2026-06-27 17:56:25 - base_il_trainer_llm.py/_eval_llm[line:1177] - INFO: Actions: Leave the bedroom, take a left in the hallway, go straight, go into the room that is the second on the left, stop in the doorway to the room

2026-06-27 17:56:25 - base_il_trainer_llm.py/_eval_llm[line:1178] - INFO: Landmarks: bedroom
hallway
room
doorway

2026-06-27 17:56:25 - base_il_trainer_llm.py/_eval_llm[line:1227] - INFO: -------------------- Step 1 --------------------
2026-06-27 17:56:25 - base_il_trainer_llm.py/_eval_llm[line:1282] - INFO: ========== Get Observation ==========
2026-06-27 17:56:26 - spatialNavigator.py/observe_environment[line:58] - INFO: Direction 0 Direction Viewpoint ID: 0 in Step ID: 1 Elevation: Eye Level Scene Description: The image contains a bed, a nightstand, a door, and a hallway. The bed is closest to the camera, followed by the nightstand, the door, and the hallway. The bed is approximately 2 meters away, the nightstand is 1 meter away, the door is 3 meters away, and the hallway is 4 meters away. Scene Objects: bed | bedcover | bedroom | lamp | ceiling | closet | doorway | dresser | floor | nightstand | pillow | room | wall lamp | twin | white | yellow; 
2026-06-27 17:56:28 - spatialNavigator.py/observe_environment[line:58] - INFO: Direction 11 Direction Viewpoint ID: 11 in Step ID: 1 Elevation: Eye Level Scene Description: The image contains a door, a bed, and a wall. The door is located in the middle of the image, and the bed is on the left side. The wall is on the right side of the image. The door is approximately 2 meters from the camera, the bed is about 1.5 meters from the camera, and the wall is about 3 meters from the camera. Scene Objects: apartment | armchair | bedroom | carpet | ceiling | chair | closet | door | doorway | floor | hassock | living room | pillow | room | stool | white | yellow; 
2026-06-27 17:56:29 - spatialNavigator.py/observe_environment[line:58] - INFO: Direction 10 Direction Viewpoint ID: 10 in Step ID: 1 Elevation: Eye Level Scene Description: The image shows two doors, a shelf, and a wall. The doors are located at the left and right sides of the image, with the door on the right being closer to the camera. The shelf is on the right side of the image, also closer to the camera. The wall is in the background and extends from the bottom to the top of the image. Scene Objects: bedroom | ceiling | closet | pillar | doorway | dressing room | floor | locker | open | pantry | room | shelf | shelve | walk | white; 
2026-06-27 17:56:31 - spatialNavigator.py/observe_environment[line:58] - INFO: Direction 9 Direction Viewpoint ID: 9 in Step ID: 1 Elevation: Eye Level Scene Description: The image shows a door, a shelf, and a floor. The door is located at the left side of the image, and the shelf is on the right side. The floor is in the middle of the image. The door is approximately 1 meter away from the camera, the shelf is about 2 meters away, and the floor is about 3 meters away. Scene Objects: bedroom | ceiling | closet | corridor | doorway | dressing room | floor | hallway | pantry | room | shelf | shelve | walk | white; 
2026-06-27 17:56:32 - spatialNavigator.py/observe_environment[line:58] - INFO: Direction 4 Direction Viewpoint ID: 4 in Step ID: 1 Elevation: Eye Level Scene Description: The image shows a window with blinds, a wall, and a floor. The window is approximately 2 meters away from the camera, the wall is about 3 meters away, and the floor is about 1 meter away. Scene Objects: bed | bedcover | bedroom | blind | dresser | floor | pillow | room | twin | white | window | yellow; 
2026-06-27 17:57:01 - base_il_trainer_llm.py/_eval_llm[line:1515] - INFO: ========== Review History ==========
2026-06-27 17:57:01 - base_il_trainer_llm.py/_eval_llm[line:1525] - INFO: ========== Estimate Completion Progress ==========
2026-06-27 17:57:18 - spatialNavigator.py/estimate_completion[line:113] - INFO: Completion estimator response missing Executed Actions marker: 
2026-06-27 17:57:18 - base_il_trainer_llm.py/_eval_llm[line:2245] - INFO: ========== Next Action Prediction ==========
2026-06-27 17:57:53 - spatialNavigator.py/move_to_next_vp[line:576] - INFO: 
2026-06-27 17:57:53 - base_il_trainer_llm.py/_eval_llm[line:2384] - INFO: ========== Thought ==========
2026-06-27 17:57:53 - spatialNavigator.py/thought_fusion[line:601] - INFO: Skip thought fusion because there is no candidate disagreement
2026-06-27 17:57:53 - base_il_trainer_llm.py/_eval_llm[line:2414] - INFO: ========== Test Decision ==========
2026-06-27 17:57:53 - base_il_trainer_llm.py/_eval_llm[line:2890] - INFO: The final env action: [{'action': {'action': 4, 'action_args': {'angle': 5.864306449890137, 'distance': 1.25}}}]
2026-06-27 17:57:53 - base_il_trainer_llm.py/_eval_llm[line:2969] - INFO: ========== save history ==========
2026-06-27 17:59:03 - spatialNavigator.py/save_history[line:81] - INFO: The history at current step is [{'step': 1, 'viewpoint': '0', 'observation': 'Direction Front, range(left 15 to right 15) ', 'thought': ''}]
2026-06-27 17:59:03 - base_il_trainer_llm.py/_eval_llm[line:1165] - INFO: ==================== The current episode id is 218 ====================
2026-06-27 17:59:03 - base_il_trainer_llm.py/_eval_llm[line:1166] - INFO: Instruction: Leave the bedroom and take a left in the hallway. Go straight and go into the room that is the second on the left. Stop in the doorway to the room. 
2026-06-27 17:59:03 - base_il_trainer_llm.py/_eval_llm[line:1177] - INFO: Actions: Leave the bedroom, take a left in the hallway, go straight, go into the room that is the second on the left, stop in the doorway to the room

2026-06-27 17:59:03 - base_il_trainer_llm.py/_eval_llm[line:1178] - INFO: Landmarks: bedroom
hallway
room
doorway

2026-06-27 17:59:03 - base_il_trainer_llm.py/_eval_llm[line:1227] - INFO: -------------------- Step 2 --------------------
2026-06-27 17:59:03 - base_il_trainer_llm.py/_eval_llm[line:1282] - INFO: ========== Get Observation ==========
2026-06-27 17:59:05 - spatialNavigator.py/observe_environment[line:58] - INFO: Direction 11 Direction Viewpoint ID: 11 in Step ID: 2 Elevation: Eye Level Scene Description: The image shows a door, a wall, and a staircase. The door is closest to the camera, followed by the wall, and the staircase is further away. The door is approximately 1 meter from the camera, the wall is about 2 meters, and the staircase is about 3 meters. Scene Objects: wall | building | carpet | ceiling | corridor | door | doorway | floor | hall | lead to | hallway | office building | room | white; 
2026-06-27 17:59:06 - spatialNavigator.py/observe_environment[line:58] - INFO: Direction 7 Direction Viewpoint ID: 7 in Step ID: 2 Elevation: Eye Level Scene Description: The image shows a door, a window, and a closet. The door is closest to the camera, followed by the closet, and the window is the farthest. The door is approximately 1 meter away, the closet is about 2 meters away, and the window is about 3 meters away. Scene Objects: bedroom | ceiling fan | closet | doorway | floor | room | shelve | walk | white | window; 
2026-06-27 17:59:08 - spatialNavigator.py/observe_environment[line:58] - INFO: Direction 6 Direction Viewpoint ID: 6 in Step ID: 2 Elevation: Eye Level Scene Description: The image contains a bed, a window, a door, and a closet. The bed is closest to the camera, the window is further back, and the closet is the farthest. The bed is approximately 1 meter away, the window is about 2 meters away, and the closet is about 3 meters away. Scene Objects: bed | bedroom | bunk bed | ceiling | closet | floor | pillow | room | twin | white | window | yellow; 
2026-06-27 17:59:09 - spatialNavigator.py/observe_environment[line:58] - INFO: Direction 3 Direction Viewpoint ID: 3 in Step ID: 2 Elevation: Eye Level Scene Description: The image shows a bed, a nightstand, and a teddy bear. The bed is closest to the camera, followed by the nightstand, and the teddy bear is on the bed. The bed is approximately 2 meters away from the camera, the nightstand is 1.5 meters away, and the teddy bear is on the bed, which is closer to the camera. Scene Objects: bed | bedcover | bedroom | ceiling | floor | nightstand | pillow | room | twin | white | yellow; 
2026-06-27 17:59:36 - base_il_trainer_llm.py/_eval_llm[line:1515] - INFO: ========== Review History ==========
2026-06-27 17:59:36 - spatialNavigator.py/review_history[line:86] - INFO: History: Step 1 Observation: Direction Front, range(left 15 to right 15)  Thought: 
2026-06-27 17:59:36 - base_il_trainer_llm.py/_eval_llm[line:1525] - INFO: ========== Estimate Completion Progress ==========
2026-06-27 17:59:53 - spatialNavigator.py/estimate_completion[line:113] - INFO: Completion estimator response missing Executed Actions marker: 
2026-06-27 17:59:53 - spatialNavigator.py/should_stop[line:389] - INFO: Stop gate rejected: no structured executed actions parsed.
2026-06-27 17:59:53 - base_il_trainer_llm.py/_eval_llm[line:2245] - INFO: ========== Next Action Prediction ==========
