--2026-06-10 22:38:04--  https://hf-mirror.com/google/siglip-so400m-patch14-384/resolve/main/model.safetensors
正在解析主机 hf-mirror.com (hf-mirror.com)... 160.16.86.14
正在连接 hf-mirror.com (hf-mirror.com)|160.16.86.14|:443... 已连接。
已发出 HTTP 请求，正在等待回应... 302 Found
位置：https://cas-bridge.xethub.hf.co/xet-bridge-us/659bfad8356075e196a2dba0/f0bc04a32a6dbcac0e4f5659b2f97526603c59eb0f131904305edfe3c03a5a35?Expires=1781105884&Policy=eyJTdGF0ZW1lbnQiOlt7IlJlc291cmNlIjoiaHR0cHM6Ly9jYXMtYnJpZGdlLnhldGh1Yi5oZi5jby94ZXQtYnJpZGdlLXVzLzY1OWJmYWQ4MzU2MDc1ZTE5NmEyZGJhMC9mMGJjMDRhMzJhNmRiY2FjMGU0ZjU2NTliMmY5NzUyNjYwM2M1OWViMGYxMzE5MDQzMDVlZGZlM2MwM2E1YTM1KiIsIkNvbmRpdGlvbiI6eyJEYXRlTGVzc1RoYW4iOnsiQVdTOkVwb2NoVGltZSI6MTc4MTEwNTg4NH19fV19&Signature=MEQCIG-2ElhmqRsMiHkJhAlsffDtDWRilGkbn9X5GQ5DL9tlAiB5S3ROG%7EB8rRF%7E9GE0dR91G9VLSzxtA0H6huuhKQoUhQ__&Key-Pair-Id=K1LYXO563TGWFU&X-Xet-Cas-Uid=62171e3b6a99db28e0b3159d&response-content-disposition=inline%3B+filename*%3DUTF-8%27%27model.safetensors%3B+filename%3D%22model.safetensors%22%3B&X-Amz-Algorithm=AWS4-HMAC-SHA256&X-Amz-Credential=cas%2F20260610%2Fus-east-1%2Fs3%2Faws4_request&X-Amz-Date=20260610T143804Z&X-Amz-Expires=3600&X-Amz-SignedHeaders=host&X-Amz-Signature=f6b9d710b36588099186df9a38a448d1553790c2e8b25e6728b9ca768f7263b8 [跟随至新的 URL]
--2026-06-10 22:38:05--  https://cas-bridge.xethub.hf.co/xet-bridge-us/659bfad8356075e196a2dba0/f0bc04a32a6dbcac0e4f5659b2f97526603c59eb0f131904305edfe3c03a5a35?Expires=1781105884&Policy=eyJTdGF0ZW1lbnQiOlt7IlJlc291cmNlIjoiaHR0cHM6Ly9jYXMtYnJpZGdlLnhldGh1Yi5oZi5jby94ZXQtYnJpZGdlLXVzLzY1OWJmYWQ4MzU2MDc1ZTE5NmEyZGJhMC9mMGJjMDRhMzJhNmRiY2FjMGU0ZjU2NTliMmY5NzUyNjYwM2M1OWViMGYxMzE5MDQzMDVlZGZlM2MwM2E1YTM1KiIsIkNvbmRpdGlvbiI6eyJEYXRlTGVzc1RoYW4iOnsiQVdTOkVwb2NoVGltZSI6MTc4MTEwNTg4NH19fV19&Signature=MEQCIG-2ElhmqRsMiHkJhAlsffDtDWRilGkbn9X5GQ5DL9tlAiB5S3ROG%7EB8rRF%7E9GE0dR91G9VLSzxtA0H6huuhKQoUhQ__&Key-Pair-Id=K1LYXO563TGWFU&X-Xet-Cas-Uid=62171e3b6a99db28e0b3159d&response-content-disposition=inline%3B+filename*%3DUTF-8%27%27model.safetensors%3B+filename%3D%22model.safetensors%22%3B&X-Amz-Algorithm=AWS4-HMAC-SHA256&X-Amz-Credential=cas%2F20260610%2Fus-east-1%2Fs3%2Faws4_request&X-Amz-Date=20260610T143804Z&X-Amz-Expires=3600&X-Amz-SignedHeaders=host&X-Amz-Signature=f6b9d710b36588099186df9a38a448d1553790c2e8b25e6728b9ca768f7263b8
正在解析主机 cas-bridge.xethub.hf.co (cas-bridge.xethub.hf.co)... 13.33.183.46, 13.33.183.18, 13.33.183.70, ...
正在连接 cas-bridge.xethub.hf.co (cas-bridge.xethub.hf.co)|13.33.183.46|:443... 已连接。
已发出 HTTP 请求，正在等待回应... 206 Partial Content
长度： 3511950624 (3.3G)，剩余 3260292384 (3.0G)
正在保存至: ‘/root/models/google-siglip-so400m-patch14-384/model.safetensors’

        [ 跳过 229376K ]
229376K ,,,,,,,, ,,,,,,,, ........ ........  7% 1.12M 91m48s
262144K ........ ........ ........ ........  8%  685K 81m9s
294912K ........ ........ ........ ........  9%  607K 82m16s
327680K ........ ........ ......            10%  371K=3m12s

2026-06-10 22:41:48 (546 KB/s) - 在 358984859/3511950624 字节处发生读取错误 (连接超时)。 重试中。

--2026-06-10 22:41:49--  (尝试次数： 2)  https://cas-bridge.xethub.hf.co/xet-bridge-us/659bfad8356075e196a2dba0/f0bc04a32a6dbcac0e4f5659b2f97526603c59eb0f131904305edfe3c03a5a35?Expires=1781105884&Policy=eyJTdGF0ZW1lbnQiOlt7IlJlc291cmNlIjoiaHR0cHM6Ly9jYXMtYnJpZGdlLnhldGh1Yi5oZi5jby94ZXQtYnJpZGdlLXVzLzY1OWJmYWQ4MzU2MDc1ZTE5NmEyZGJhMC9mMGJjMDRhMzJhNmRiY2FjMGU0ZjU2NTliMmY5NzUyNjYwM2M1OWViMGYxMzE5MDQzMDVlZGZlM2MwM2E1YTM1KiIsIkNvbmRpdGlvbiI6eyJEYXRlTGVzc1RoYW4iOnsiQVdTOkVwb2NoVGltZSI6MTc4MTEwNTg4NH19fV19&Signature=MEQCIG-2ElhmqRsMiHkJhAlsffDtDWRilGkbn9X5GQ5DL9tlAiB5S3ROG%7EB8rRF%7E9GE0dR91G9VLSzxtA0H6huuhKQoUhQ__&Key-Pair-Id=K1LYXO563TGWFU&X-Xet-Cas-Uid=62171e3b6a99db28e0b3159d&response-content-disposition=inline%3B+filename*%3DUTF-8%27%27model.safetensors%3B+filename%3D%22model.safetensors%22%3B&X-Amz-Algorithm=AWS4-HMAC-SHA256&X-Amz-Credential=cas%2F20260610%2Fus-east-1%2Fs3%2Faws4_request&X-Amz-Date=20260610T143804Z&X-Amz-Expires=3600&X-Amz-SignedHeaders=host&X-Amz-Signature=f6b9d710b36588099186df9a38a448d1553790c2e8b25e6728b9ca768f7263b8
正在连接 cas-bridge.xethub.hf.co (cas-bridge.xethub.hf.co)|13.33.183.46|:443... 已连接。
已发出 HTTP 请求，正在等待回应... 206 Partial Content
长度： 3511950624 (3.3G)，剩余 3152965765 (2.9G)
正在保存至: ‘/root/models/google-siglip-so400m-patch14-384/model.safetensors’

        [ 跳过 327680K ]
327680K ,,,,,,,, ,,,,,,,, ,,,,,,.. ........ 10% 3.39M 48m56s
360448K ........ ........ ........ ........ 11% 1.39M 38m36s
393216K ........ ........ ........ ........ 12% 1.75M 33m43s
425984K ........ ........ ........ ........ 13% 1.95M 30m45s
458752K ........ ........ ........ ........ 14% 2.11M 28m37s
491520K ........ ........ ........ ........ 15% 1.80M 27m55s
524288K ........ ........ ........ ........ 16%  814K 32m33s
557056K ........ ........ ........ ........ 17%  518K 40m17s
589824K ........ ........ ........ ........ 18%  389K 49m30s
622592K ........ ........ ........ ........ 19%  674K 51m2s
655360K ........ ........ ........ ........ 20% 2.51M 47m16s
688128K ........ ........ ........ ........ 21% 3.47M 43m41s
720896K ........ ........ ........ ........ 21% 5.17M 40m20s
753664K ........ ........ ........ ........ 22% 3.29M 37m50s
786432K ........ ........ ........ ........ 23% 2.18M 36m7s
819200K ........ ........ ........ ........ 24% 3.10M 34m13s
851968K ........ ........ ........ ........ 25% 4.59M 32m16s
884736K ........ ........ ........ ........ 26% 6.68M 30m21s
917504K ........ ........ ........ ........ 27% 5.03M 28m46s
950272K ........ ........ ........ ........ 28% 4.03M 27m26s
983040K ........ ........ ........ ........ 29% 2.23M 26m36s
1015808K ........ ........ ........ ........ 30% 2.62M 25m42s
1048576K ........ ........ ........ ........ 31% 2.52M 24m53s
1081344K ........ ........ ........ ........ 32% 2.80M 24m4s
1114112K ........ ........ ........ ........ 33% 3.15M 23m14s
1146880K ........ ........ ........ ........ 34% 4.37M 22m19s
1179648K ........ ........ ........ ........ 35% 3.13M 21m36s
1212416K ........ ........ ........ ........ 36% 3.75M 20m51s
1245184K ........ ........ ........ ........ 37% 2.35M 20m20s
1277952K ........ ........ ........ ........ 38% 2.58M 19m48s
1310720K ........ ........ ........ ........ 39% 2.36M 19m20s
1343488K ........ ........ ........ ........ 40% 1.99M 18m57s
1376256K ........ ........ ........ ........ 41% 2.84M 18m26s
1409024K ........ ........ ........ ........ 42% 4.11M 17m49s
1441792K ........ ........ ........ ........ 42% 5.54M 17m11s
1474560K ........ ........ ........ ........ 43% 4.31M 16m38s
1507328K ........ ........ ........ ........ 44% 4.74M 16m4s
1540096K ........ ........ ........ ........ 45% 2.86M 15m39s
1572864K ........ ........ ........ ........ 46% 2.82M 15m15s
1605632K ........ ........ ........ ........ 47% 2.61M 14m53s
1638400K ........ ........ ........ ........ 48% 4.06M 14m25s
1671168K ........ ........ ........ ........ 49% 3.90M 13m59s
1703936K ........ ........ ........ ........ 50% 3.24M 13m36s
1736704K ........ ........ ........ ........ 51% 3.69M 13m11s
1769472K ........ ........ ........ ........ 52% 2.51M 12m53s
1802240K ........ ........ ........ ........ 53% 3.26M 12m31s
1835008K ........ ........ ........ ........ 54% 3.21M 12m10s
1867776K ........ ........ ........ ........ 55% 4.26M 11m47s
1900544K ........ ........ ........ ........ 56% 4.57M 11m24s
1933312K ........ ........ ........ ........ 57% 5.45M 11m1s
1966080K ........ ........ ........ ........ 58% 5.06M 10m39s
1998848K ........ ........ ........ ........ 59% 4.07M 10m18s
2031616K ........ ........ ........ ........ 60% 4.36M 9m58s
2064384K ........ ........ ........ ........ 61% 4.48M 9m38s
2097152K ........ ........ ........ ........ 62% 4.76M 9m19s
2129920K ........ ........ ........ ........ 63% 4.72M 8m59s
2162688K ........ ........ ........ ........ 64% 4.85M 8m41s
2195456K ........ ........ ........ ........ 64% 5.44M 8m22s
2228224K ........ ........ ........ ........ 65% 5.09M 8m3s
2260992K ........ ........ ........ ........ 66% 6.12M 7m45s
2293760K ........ ........ ........ ........ 67% 4.48M 7m28s
2326528K ........ ........ ........ ........ 68% 3.32M 7m13s
2359296K ........ ........ ........ ........ 69% 4.20M 6m57s
2392064K ........ ........ ........ ........ 70% 3.24M 6m42s
2424832K ........ ........ ........ ........ 71% 3.35M 6m27s
2457600K ........ ........ ........ ........ 72% 4.41M 6m12s
2490368K ........ ........ ........ ........ 73% 4.14M 5m56s
2523136K ........ ........ ........ ........ 74% 4.10M 5m42s
2555904K ........ ........ ........ ........ 75% 2.93M 5m28s
2588672K ........ ........ ........ ........ 76% 3.83M 5m14s
2621440K ........ ........ ........ ........ 77% 3.25M 5m0s
2654208K ........ ........ ........ ........ 78% 3.53M 4m46s
2686976K ........ ........ ........ ........ 79% 3.35M 4m33s
2719744K ........ ........ ........ ........ 80% 3.97M 4m19s
2752512K ........ ........ ........ ........ 81% 2.86M 4m6s
2785280K ........ ........ ........ ........ 82% 2.45M 3m54s
2818048K ........ ........ ........ ........ 83% 3.93M 3m40s
2850816K ........ ........ ........ ........ 84% 3.65M 3m27s
2883584K ........ ........ ........ ........ 85% 3.70M 3m14s
2916352K ........ ........ ........ ........ 85% 3.87M 3m0s
2949120K ........ ........ ........ ........ 86% 3.59M 2m48s
2981888K ........ ........ ........ ........ 87% 3.85M 2m35s
3014656K ........ ........ ........ ........ 88% 4.08M 2m22s
3047424K ........ ........ ........ ........ 89% 4.14M 2m9s
3080192K ........ ........ ........ ........ 90% 4.65M 1m56s
3112960K ........ ........ ........ ........ 91% 4.50M 1m44s
3145728K ........ ........ ........ ........ 92% 4.73M 91s
3178496K ........ ........ ........ ........ 93% 4.69M 79s
3211264K ........ ........ ........ ........ 94% 4.78M 67s
3244032K ........ ........ ........ ........ 95% 4.35M 55s
3276800K ........ ........ ........ ........ 96% 4.89M 43s
3309568K ........ ........ ........ ........ 97% 4.75M 31s
3342336K ........ ........ ........ ........ 98% 4.76M 19s
3375104K ........ ........ ........ ........ 99% 5.51M 8s
3407872K ........ ........ .....            100% 5.51M=18m0s

2026-06-10 22:59:55 (2.78 MB/s) - 已保存 ‘/root/models/google-siglip-so400m-patch14-384/model.safetensors’ [3511950624/3511950624])

